error: proc-macro derive panicked
 --> compile_fail/newtype_tag.rs:3:10
  |
3 | #[derive(Value)]
  |          ^^^^^
  |
  = help: message: unsupported attribute `tag` on newtype field
